// Jest Snapshot v1, https://goo.gl/fbAQLP

exports[`Calendar component should render without problem 1`] = `null`;

exports[`Calendar component should return an error when there is an error 1`] = `
<div>
  <div>
    404 not found
  </div>
</div>
`;
