// Jest Snapshot v1, https://goo.gl/fbAQLP

exports[`Error component should render without problem 1`] = `
<div>
  <div>
    404 not found
  </div>
</div>
`;
