// Jest Snapshot v1, https://goo.gl/fbAQLP

exports[`PageNotFound component should render without problem 1`] = `
<div>
  404 not found
</div>
`;
