// Jest Snapshot v1, https://goo.gl/fbAQLP

exports[`About component should render without problem 1`] = `
<div>
  <h1>
    About
  </h1>
  <p>
    This is small calendar app created has an exercice
  </p>
  <h2>
    Stack
  </h2>
  <p>
    It uses the following technologies
  </p>
  <ul>
    <li>
      React
    </li>
    <li>
      React-Redux
    </li>
    <li>
      Redux-thunk
    </li>
    <li>
      Reselect
    </li>
    <li>
      Jest with enzyme
    </li>
    <li>
      Deployd
    </li>
    <li>
      Storybook
    </li>
  </ul>
  <h2>
    How to use
  </h2>
  <p>
    Yarn start compile project and start deployd
  </p>
  <p>
    Yarn jest will execute all the text
  </p>
  <p>
    Yarn storybook will compile stories
  </p>
  <h2>
    Icon pack
  </h2>
  <a
    href="https://material.io/tools/icons/?style=baseline"
    target="_blank"
  >
    Material icon pack
  </a>
</div>
`;
