// Jest Snapshot v1, https://goo.gl/fbAQLP

exports[`Title component should render without props 1`] = `
<h1>
  Title
</h1>
`;
